SQL> 
SQL> DROP TABLE sales_dl;

Table dropped.

SQL> 
SQL> CREATE TABLE sales_dl (sale_id NUMBER(10), customer_id NUMBER(10));

Table created.

SQL> 
SQL> DECLARE
  2     i NUMBER(10);
  3  BEGIN
  4     FOR i IN 1..10
  5     LOOP
  6     INSERT INTO sales_dl
  7        SELECT ROWNUM, MOD(ROWNUM,1000)
  8        FROM   dual
  9        CONNECT BY LEVEL <= 100000;
 10        COMMIT;
 11     END LOOP;
 12  END;
 13  /

PL/SQL procedure successfully completed.

SQL> 
SQL> EXEC dbms_stats.gather_table_stats(ownname=>NULL, tabname=>'SALES_DL');

PL/SQL procedure successfully completed.

SQL> 
SQL> alter table sales_dl parallel 16;

Table altered.

SQL> 
SQL> alter session set parallel_force_local = FALSE;

Session altered.

SQL> alter session set parallel_degree_policy = 'MANUAL';

Session altered.

SQL> alter session enable parallel dml;

Session altered.

SQL> alter session enable parallel ddl;

Session altered.

SQL> 
SQL> drop table sales_p1;

Table dropped.

SQL> drop table sales_p2;
drop table sales_p2
           *
ERROR at line 1:
ORA-00942: table or view does not exist


SQL> 
SQL> --
SQL> -- TSM/HWMB PCTAS
SQL> --
SQL> create table sales_p1 partition by hash (sale_id) partitions 4
  2  parallel 8
  3  as select * from sales_dl
  4  /

Table created.

SQL> 
SQL> select * from table(dbms_xplan.display_cursor);

PLAN_TABLE_OUTPUT
--------------------------------------------------------------------------------------------------------------------------------------------------------------------------------------------------------
SQL_ID  ax04t84w5s6q5, child number 0
-------------------------------------
create table sales_p1 partition by hash (sale_id) partitions 4 parallel
8 as select * from sales_dl

Plan hash value: 3834687307

----------------------------------------------------------------------------------------------------------------------------
| Id  | Operation                          | Name     | Rows  | Bytes | Cost (%CPU)| Time     |    TQ  |IN-OUT| PQ Distrib |
----------------------------------------------------------------------------------------------------------------------------
|   0 | CREATE TABLE STATEMENT             |          |       |       |   243 (100)|          |        |      |            |
|   1 |  PX COORDINATOR                    |          |       |       |            |          |        |      |            |
|   2 |   PX SEND QC (RANDOM)              | :TQ10000 |  1000K|  8789K|    76   (0)| 00:00:01 |  Q1,00 | P->S | QC (RAND)  |
|   3 |    LOAD AS SELECT (HYBRID TSM/HWMB)|          |       |       |            |          |  Q1,00 | PCWP |            |
|   4 |     OPTIMIZER STATISTICS GATHERING |          |  1000K|  8789K|    76   (0)| 00:00:01 |  Q1,00 | PCWP |            |
|   5 |      PX BLOCK ITERATOR             |          |  1000K|  8789K|    76   (0)| 00:00:01 |  Q1,00 | PCWC |            |
|*  6 |       TABLE ACCESS FULL            | SALES_DL |  1000K|  8789K|    76   (0)| 00:00:01 |  Q1,00 | PCWP |            |
----------------------------------------------------------------------------------------------------------------------------

Predicate Information (identified by operation id):
---------------------------------------------------

   6 - access(:Z>=:Z AND :Z<=:Z)

Note
-----
   - Degree of Parallelism is 4 because of table property


28 rows selected.

SQL> 
SQL> 
SQL> 
SQL> exit
